------------------------------------------------------------
Timing Analyzer Summary
------------------------------------------------------------

Type  : Slow 1200mV 85C Model Setup 'pipe3:PIPE_3|data[12]'
Slack : -10.334
TNS   : -170.393

Type  : Slow 1200mV 85C Model Setup 'clk'
Slack : -9.915
TNS   : -25427.696

Type  : Slow 1200mV 85C Model Setup 'pipe3:PIPE_3|data[0]'
Slack : -9.790
TNS   : -142.585

Type  : Slow 1200mV 85C Model Hold 'clk'
Slack : -3.143
TNS   : -7.444

Type  : Slow 1200mV 85C Model Hold 'pipe3:PIPE_3|data[12]'
Slack : -1.643
TNS   : -1.901

Type  : Slow 1200mV 85C Model Hold 'pipe3:PIPE_3|data[0]'
Slack : -0.753
TNS   : -4.939

Type  : Slow 1200mV 85C Model Minimum Pulse Width 'clk'
Slack : -3.000
TNS   : -6704.909

Type  : Slow 1200mV 85C Model Minimum Pulse Width 'pipe3:PIPE_3|data[0]'
Slack : 0.127
TNS   : 0.000

Type  : Slow 1200mV 85C Model Minimum Pulse Width 'pipe3:PIPE_3|data[12]'
Slack : 0.193
TNS   : 0.000

Type  : Slow 1200mV 0C Model Setup 'pipe3:PIPE_3|data[12]'
Slack : -9.986
TNS   : -163.205

Type  : Slow 1200mV 0C Model Setup 'pipe3:PIPE_3|data[0]'
Slack : -9.495
TNS   : -137.293

Type  : Slow 1200mV 0C Model Setup 'clk'
Slack : -9.268
TNS   : -24015.086

Type  : Slow 1200mV 0C Model Hold 'clk'
Slack : -2.864
TNS   : -6.726

Type  : Slow 1200mV 0C Model Hold 'pipe3:PIPE_3|data[12]'
Slack : -1.499
TNS   : -1.609

Type  : Slow 1200mV 0C Model Hold 'pipe3:PIPE_3|data[0]'
Slack : -0.622
TNS   : -4.603

Type  : Slow 1200mV 0C Model Minimum Pulse Width 'clk'
Slack : -3.000
TNS   : -6704.909

Type  : Slow 1200mV 0C Model Minimum Pulse Width 'pipe3:PIPE_3|data[0]'
Slack : -0.079
TNS   : -1.646

Type  : Slow 1200mV 0C Model Minimum Pulse Width 'pipe3:PIPE_3|data[12]'
Slack : 0.038
TNS   : 0.000

Type  : Fast 1200mV 0C Model Setup 'pipe3:PIPE_3|data[12]'
Slack : -3.045
TNS   : -49.980

Type  : Fast 1200mV 0C Model Setup 'clk'
Slack : -3.029
TNS   : -8290.274

Type  : Fast 1200mV 0C Model Setup 'pipe3:PIPE_3|data[0]'
Slack : -2.827
TNS   : -40.919

Type  : Fast 1200mV 0C Model Hold 'clk'
Slack : -1.541
TNS   : -4.323

Type  : Fast 1200mV 0C Model Hold 'pipe3:PIPE_3|data[12]'
Slack : -0.974
TNS   : -9.902

Type  : Fast 1200mV 0C Model Hold 'pipe3:PIPE_3|data[0]'
Slack : -0.825
TNS   : -10.903

Type  : Fast 1200mV 0C Model Minimum Pulse Width 'clk'
Slack : -3.000
TNS   : -4675.838

Type  : Fast 1200mV 0C Model Minimum Pulse Width 'pipe3:PIPE_3|data[0]'
Slack : 0.370
TNS   : 0.000

Type  : Fast 1200mV 0C Model Minimum Pulse Width 'pipe3:PIPE_3|data[12]'
Slack : 0.388
TNS   : 0.000

------------------------------------------------------------
